// Jest Snapshot v1, https://goo.gl/fbAQLP

exports[`Stats index should render Stats 1`] = `
<div
  className="stats container"
>
  <p
    className="title"
  >
    Token Wizard statistics
  </p>
  <div
    className="stats-table"
  >
    <div
      className="stats-table-cell"
    >
      <div
        className="stats-items"
      >
        <div
          className="stats-items-i"
        >
          <p
            className="stats-items-title"
          >
            0
          </p>
          <p
            className="stats-items-description"
          >
            Total crowdsales amount
          </p>
        </div>
      </div>
    </div>
    <div
      className="stats-table-cell"
    >
      <div
        className="stats-items"
      >
        <div
          className="stats-items-i"
        >
          <p
            className="stats-items-title"
          >
            0
          </p>
          <p
            className="stats-items-description"
          >
            Total amount of eth raised
          </p>
        </div>
      </div>
    </div>
    <div
      className="stats-table-cell"
    >
      <div
        className="stats-items"
      >
        <div
          className="stats-items-i"
        >
          <p
            className="stats-items-title"
          >
            0
          </p>
          <p
            className="stats-items-description"
          >
            Total contributors amount
          </p>
        </div>
      </div>
    </div>
    <div
      className="stats-table-cell"
    >
      <div
        className="stats-items"
      >
        <div
          className="stats-items-i"
        >
          <p
            className="stats-items-title"
          >
            0
          </p>
          <p
            className="stats-items-description"
          >
            Max amount of eth raised in one crowdsale
          </p>
        </div>
      </div>
    </div>
  </div>
  <p
    className="title-secondary"
  >
    Minted capped crowdsales statistics
  </p>
  <div
    className="stats-table"
  >
    <div
      className="stats-table-cell"
    >
      <div
        className="stats-items"
      >
        <div
          className="stats-items-i"
        >
          <p
            className="stats-items-title"
          >
            0
          </p>
          <p
            className="stats-items-description"
          >
            Crowdsales amount
          </p>
        </div>
        <div
          className="stats-items-i"
        >
          <p
            className="stats-items-title"
          >
            0
          </p>
          <p
            className="stats-items-description"
          >
            Total amount of eth raised
          </p>
        </div>
        <div
          className="stats-items-i"
        >
          <p
            className="stats-items-title"
          >
            0
          </p>
          <p
            className="stats-items-description"
          >
            Total contributors amount
          </p>
        </div>
      </div>
    </div>
    <div
      className="stats-table-cell"
    >
      <div
        className="stats-items"
      >
        <div
          className="stats-items-i"
        >
          <p
            className="stats-items-title"
          >
            0
          </p>
          <p
            className="stats-items-description"
          >
            Ongoing crowdsales amount
          </p>
        </div>
        <div
          className="stats-items-i"
        >
          <p
            className="stats-items-title"
          >
            0
          </p>
          <p
            className="stats-items-description"
          >
            Future crowdsales amount
          </p>
        </div>
        <div
          className="stats-items-i"
        >
          <p
            className="stats-items-title"
          >
            0
          </p>
          <p
            className="stats-items-description"
          >
            Past crowdsales amount
          </p>
        </div>
      </div>
    </div>
    <div
      className="stats-table-cell"
    >
      <div
        className="stats-items"
      >
        <div
          className="stats-items-i"
        >
          <p
            className="stats-items-title"
          >
            0
          </p>
          <p
            className="stats-items-description"
          >
            Max amount of eth raised in one crowdsale
          </p>
        </div>
        <div
          className="stats-items-i"
        >
          <p
            className="stats-items-title"
          >
            0
          </p>
          <p
            className="stats-items-description"
          >
            % of finalized crowdsales from ended
          </p>
        </div>
        <div
          className="stats-items-i"
        >
          <p
            className="stats-items-title"
          >
            0
          </p>
          <p
            className="stats-items-description"
          >
            % of crowdsales with multiple tiers
          </p>
        </div>
      </div>
    </div>
    <div
      className="stats-table-cell"
    >
      <div
        className="stats-items"
      >
        <div
          className="stats-items-i"
        >
          <p
            className="stats-items-title"
          >
            0
          </p>
          <p
            className="stats-items-description"
          >
            Max tiers amount in one crowdsale
          </p>
        </div>
      </div>
    </div>
  </div>
  <p
    className="title-secondary"
  >
    Dutch auction crowdsales statistics
  </p>
  <div
    className="stats-table"
  >
    <div
      className="stats-table-cell"
    >
      <div
        className="stats-items"
      >
        <div
          className="stats-items-i"
        >
          <p
            className="stats-items-title"
          >
            0
          </p>
          <p
            className="stats-items-description"
          >
            Crowdsales amount
          </p>
        </div>
        <div
          className="stats-items-i"
        >
          <p
            className="stats-items-title"
          >
            0
          </p>
          <p
            className="stats-items-description"
          >
            Total amount of eth raised
          </p>
        </div>
        <div
          className="stats-items-i"
        >
          <p
            className="stats-items-title"
          >
            0
          </p>
          <p
            className="stats-items-description"
          >
            Total contributors amount
          </p>
        </div>
      </div>
    </div>
    <div
      className="stats-table-cell"
    >
      <div
        className="stats-items"
      >
        <div
          className="stats-items-i"
        >
          <p
            className="stats-items-title"
          >
            0
          </p>
          <p
            className="stats-items-description"
          >
            Ongoing crowdsales amount
          </p>
        </div>
        <div
          className="stats-items-i"
        >
          <p
            className="stats-items-title"
          >
            0
          </p>
          <p
            className="stats-items-description"
          >
            Future crowdsales amount
          </p>
        </div>
        <div
          className="stats-items-i"
        >
          <p
            className="stats-items-title"
          >
            0
          </p>
          <p
            className="stats-items-description"
          >
            Past crowdsales amount
          </p>
        </div>
      </div>
    </div>
    <div
      className="stats-table-cell"
    >
      <div
        className="stats-items"
      >
        <div
          className="stats-items-i"
        >
          <p
            className="stats-items-title"
          >
            0
          </p>
          <p
            className="stats-items-description"
          >
            Max amount of eth raised in one crowdsale
          </p>
        </div>
        <div
          className="stats-items-i"
        >
          <p
            className="stats-items-title"
          >
            0
          </p>
          <p
            className="stats-items-description"
          >
            % of finalized crowdsales from ended
          </p>
        </div>
      </div>
    </div>
  </div>
  <div
    className="sw-FullscreenBackdrop"
  >
    <div
      className="sw-Loader"
    >
      <div
        className="sw-Loader_AnimatedItem"
      />
      <div
        className="sw-Loader_AnimatedItem"
      />
      <div
        className="sw-Loader_AnimatedItem"
      />
      <div
        className="sw-Loader_AnimatedItem"
      />
      <div
        className="sw-Loader_AnimatedItem"
      />
      <div
        className="sw-Loader_AnimatedItem"
      />
    </div>
  </div>
</div>
`;
