// Jest Snapshot v1, https://goo.gl/fbAQLP

exports[`Footer  should render Footer component 1`] = `
<footer
  className="footer"
>
  <div
    className="container"
  >
    <p
      className="rights"
    >
      2018
       POA Network. All rights reserved.
    </p>
    <Link
      className="logo"
      replace={false}
      to="/"
    />
    <div
      className="socials"
    >
      <a
        className="social social_twitter"
        href="https://twitter.com/poanetwork"
      >
        Twitter
      </a>
      <a
        className="social social_oracles"
        href="https://poa.network"
      >
        POA Network
      </a>
      <a
        className="social social_telegram"
        href="https://t.me/oraclesnetwork"
      >
        Telegram
      </a>
      <a
        className="social social_github"
        href="https://github.com/poanetwork/"
      >
        GitHub
      </a>
    </div>
  </div>
</footer>
`;

exports[`Footer  should return null 1`] = `
<footer
  className="footer"
>
  <div
    className="container"
  >
    <p
      className="rights"
    >
      2018
       POA Network. All rights reserved.
    </p>
    <Link
      className="logo"
      replace={false}
      to="/"
    />
    <div
      className="socials"
    >
      <a
        className="social social_twitter"
        href="https://twitter.com/poanetwork"
      >
        Twitter
      </a>
      <a
        className="social social_oracles"
        href="https://poa.network"
      >
        POA Network
      </a>
      <a
        className="social social_telegram"
        href="https://t.me/oraclesnetwork"
      >
        Telegram
      </a>
      <a
        className="social social_github"
        href="https://github.com/poanetwork/"
      >
        GitHub
      </a>
    </div>
  </div>
</footer>
`;
