// Jest Snapshot v1, https://goo.gl/fbAQLP

exports[`CrowdsaleProgress should render CrowdsaleProgress component 1`] = `
<div
  className="cs-CrowdsaleProgress "
>
  <div
    className="cs-CrowdsaleProgress_Funds"
  >
    <div
      className="cs-CrowdsaleProgress_FundsAmount cs-CrowdsaleProgress_FundsAmount-total-raised"
    >
      <h2
        className="cs-CrowdsaleProgress_FundsTitle"
      >
         
        <span
          className="cs-CrowdsaleProgress_NoBreak"
        >
          ETH
        </span>
      </h2>
      <p
        className="cs-CrowdsaleProgress_FundsDescription"
      >
        Total Raised Funds
      </p>
    </div>
    <div
      className="cs-CrowdsaleProgress_FundsAmount cs-CrowdsaleProgress_FundsAmount-goal"
    >
      <h2
        className="cs-CrowdsaleProgress_FundsTitle"
      >
         
        <span
          className="cs-CrowdsaleProgress_NoBreak"
        >
          ETH
        </span>
      </h2>
      <p
        className="cs-CrowdsaleProgress_FundsDescription"
      >
        Goal
      </p>
    </div>
  </div>
  <div
    className="cs-CrowdsaleProgress_Bar"
  >
    <div
      className="cs-CrowdsaleProgress_BarWidth"
      style={
        Object {
          "width": "undefined%",
        }
      }
    />
    <div
      className="cs-CrowdsaleProgress_Division"
    />
    <div
      className="cs-CrowdsaleProgress_Division"
    />
    <div
      className="cs-CrowdsaleProgress_Division"
    />
    <div
      className="cs-CrowdsaleProgress_Division"
    />
    <div
      className="cs-CrowdsaleProgress_Division"
    />
    <div
      className="cs-CrowdsaleProgress_Division"
    />
    <div
      className="cs-CrowdsaleProgress_Division"
    />
    <div
      className="cs-CrowdsaleProgress_Division"
    />
    <div
      className="cs-CrowdsaleProgress_Division"
    />
  </div>
</div>
`;
