// Jest Snapshot v1, https://goo.gl/fbAQLP

exports[`ManageForm should render the whitelist addresses 1`] = `
<div>
  <div
    className="white-list-item-container no-style"
  >
    <div
      className="white-list-item-container-inner"
    >
      <span
        className="white-list-item white-list-item-left"
      >
        0x1dF62f291b2E969fB0849d99D9Ce41e2F137006e
      </span>
      <span
        className="white-list-item white-list-item-middle"
      >
        1234
      </span>
      <span
        className="white-list-item white-list-item-right"
      >
        50505
      </span>
    </div>
  </div>
  <div
    className="white-list-item-container no-style"
  >
    <div
      className="white-list-item-container-inner"
    >
      <span
        className="white-list-item white-list-item-left"
      >
        0x22d491Bde2303f2f43325b2108D26f1eAbA1e32b
      </span>
      <span
        className="white-list-item white-list-item-middle"
      >
        1234
      </span>
      <span
        className="white-list-item white-list-item-right"
      >
        50505
      </span>
    </div>
  </div>
  <div
    className="white-list-item-container no-style"
  >
    <div
      className="white-list-item-container-inner"
    >
      <span
        className="white-list-item white-list-item-left"
      >
        0x3E5e9111Ae8eB78Fe1CC3bb8915d5D461F3Ef9A9
      </span>
      <span
        className="white-list-item white-list-item-middle"
      >
        1234
      </span>
      <span
        className="white-list-item white-list-item-right"
      >
        50505
      </span>
    </div>
  </div>
  <div
    className="white-list-item-container no-style"
  >
    <div
      className="white-list-item-container-inner"
    >
      <span
        className="white-list-item white-list-item-left"
      >
        0x90F8bf6A479f320ead074411a4B0e7944Ea8c9C1
      </span>
      <span
        className="white-list-item white-list-item-middle"
      >
        1234
      </span>
      <span
        className="white-list-item white-list-item-right"
      >
        50505
      </span>
    </div>
  </div>
  <div
    className="white-list-item-container no-style"
  >
    <div
      className="white-list-item-container-inner"
    >
      <span
        className="white-list-item white-list-item-left"
      >
        0x95cED938F7991cd0dFcb48F0a06a40FA1aF46EBC
      </span>
      <span
        className="white-list-item white-list-item-middle"
      >
        1234
      </span>
      <span
        className="white-list-item white-list-item-right"
      >
        50505
      </span>
    </div>
  </div>
  <div
    className="white-list-item-container no-style"
  >
    <div
      className="white-list-item-container-inner"
    >
      <span
        className="white-list-item white-list-item-left"
      >
        0xACa94ef8bD5ffEE41947b4585a84BdA5a3d3DA6E
      </span>
      <span
        className="white-list-item white-list-item-middle"
      >
        1234
      </span>
      <span
        className="white-list-item white-list-item-right"
      >
        50505
      </span>
    </div>
  </div>
  <div
    className="white-list-item-container no-style"
  >
    <div
      className="white-list-item-container-inner"
    >
      <span
        className="white-list-item white-list-item-left"
      >
        0xd03ea8624C8C5987235048901fB614fDcA89b117
      </span>
      <span
        className="white-list-item white-list-item-middle"
      >
        1234
      </span>
      <span
        className="white-list-item white-list-item-right"
      >
        50505
      </span>
    </div>
  </div>
  <div
    className="white-list-item-container no-style"
  >
    <div
      className="white-list-item-container-inner"
    >
      <span
        className="white-list-item white-list-item-left"
      >
        0xE11BA2b4D45Eaed5996Cd0823791E0C93114882d
      </span>
      <span
        className="white-list-item white-list-item-middle"
      >
        1234
      </span>
      <span
        className="white-list-item white-list-item-right"
      >
        50505
      </span>
    </div>
  </div>
  <div
    className="white-list-item-container no-style"
  >
    <div
      className="white-list-item-container-inner"
    >
      <span
        className="white-list-item white-list-item-left"
      >
        0xFFcf8FDEE72ac11b5c542428B35EEF5769C409f0
      </span>
      <span
        className="white-list-item white-list-item-middle"
      >
        1234
      </span>
      <span
        className="white-list-item white-list-item-right"
      >
        50505
      </span>
    </div>
  </div>
</div>
`;
