// Jest Snapshot v1, https://goo.gl/fbAQLP

exports[`CrowdsaleRate  should render CrowdsaleRate component 1`] = `
<div>
  <label
    className="label"
    htmlFor="CrowdsaleRate"
  >
    Rate
  </label>
  <input
    autoComplete="off"
    className="input"
    disabled={false}
    id="CrowdsaleRate"
    name="CrowdsaleRate"
    type="text"
    value="1234"
  />
  <p
    className="description"
  >
    Exchange rate Ethereum to Tokens. If it's 100, then for 1 Ether you can buy 100 tokens
  </p>
  <span>
    <p
      className="error"
      style={
        Object {
          "color": "red",
          "fontSize": "12px",
          "fontWeight": "bold",
          "height": "20px",
          "width": "100%",
        }
      }
    />
  </span>
</div>
`;
