// Jest Snapshot v1, https://goo.gl/fbAQLP

exports[`CrowdsaleEndTime should render CrowdsaleEndTime component 1`] = `
<div
  className={undefined}
>
  <label
    className="label"
    htmlFor="CrowdsaleEndTime"
  >
    End Time
  </label>
  <input
    autoComplete="off"
    className="input"
    disabled={false}
    id="CrowdsaleEndTime"
    name="CrowdsaleEndTime"
    placeholder={undefined}
    type="datetime-local"
    value="13"
  />
  <p
    className="description"
  >
    Date and time when the tier ends. Can be only in the future.
  </p>
  <span>
    <p
      className="error"
      style={
        Object {
          "color": "red",
          "fontSize": "12px",
          "fontWeight": "bold",
          "height": "20px",
          "width": "100%",
        }
      }
    />
  </span>
</div>
`;
