// Jest Snapshot v1, https://goo.gl/fbAQLP

exports[`Error  should render Error component 1`] = `
<DisplayTextArea
  description="Description"
  label="Label"
  value="Value"
>
  <div
    className="item"
  >
    <div>
      <div
        className="display-container"
      >
        <p
          className="label"
        >
          Label
        </p>
      </div>
      <div
        className="copy-area-container"
      >
        <btn
          className="copy"
          data-clipboard-action="copy"
          data-clipboard-text="Value"
        />
      </div>
    </div>
    <pre>
      Value
    </pre>
    <p
      className="description"
    >
      Description
    </p>
  </div>
</DisplayTextArea>
`;
