// Jest Snapshot v1, https://goo.gl/fbAQLP

exports[`DisplayTextArea  should render DisplayTextArea component 1`] = `
<div
  className="pb-DisplayTextArea"
>
  <h3
    className="pb-DisplayTextArea_Title"
  >
     
    <ButtonCopyToClipboard
      value="Value"
    />
  </h3>
  <pre
    className="pb-DisplayTextArea_Content"
  >
    Value
  </pre>
</div>
`;
