// Jest Snapshot v1, https://goo.gl/fbAQLP

exports[`Error  should render Error component 1`] = `
<ReactFinalForm
  errorStyle={
    Object {
      "color": "blue",
      "fontSize": "24px",
      "fontWeight": "bold",
      "height": "10px",
      "width": "50%",
    }
  }
  name="errorName"
  onSubmit={[MockFunction]}
  validate={[Function]}
/>
`;
