// Jest Snapshot v1, https://goo.gl/fbAQLP

exports[`Loader  should render Loader 1`] = `
<div
  className="sw-FullscreenBackdrop"
>
  <div
    className="sw-Loader"
  >
    <div
      className="sw-Loader_AnimatedItem"
    />
    <div
      className="sw-Loader_AnimatedItem"
    />
    <div
      className="sw-Loader_AnimatedItem"
    />
    <div
      className="sw-Loader_AnimatedItem"
    />
    <div
      className="sw-Loader_AnimatedItem"
    />
    <div
      className="sw-Loader_AnimatedItem"
    />
  </div>
</div>
`;
