// Jest Snapshot v1, https://goo.gl/fbAQLP

exports[`MinCap  should render MinCap component 1`] = `
<div
  className={undefined}
>
  <label
    className="label"
    htmlFor="MinCap"
  >
    Contributor min cap
  </label>
  <input
    autoComplete="off"
    className="input"
    disabled={false}
    id="MinCap"
    name="MinCap"
    placeholder={undefined}
    type="text"
    value="1234"
  />
  <p
    className="description"
  >
    Minimum amount of tokens to buy. Not the minimal amount for every transaction: if minCap is 1
                   and a user already has 1 token from a previous transaction, they can buy any amount they want.
  </p>
  <span>
    <p
      className="error"
      style={
        Object {
          "color": "red",
          "fontSize": "12px",
          "fontWeight": "bold",
          "height": "20px",
          "width": "100%",
        }
      }
    />
  </span>
</div>
`;
