// Jest Snapshot v1, https://goo.gl/fbAQLP

exports[`percentage 1`] = `
<div
  className="sw-BorderedBlock sw-BorderedBlock-3Rows3Columns"
>
  <div
    className="sw-InputField sw-BorderedBlock_Row1Column1"
  >
    <div
      className="sw-FormControlTitle"
    >
      <label
        className="sw-FormControlTitle_Label"
      >
        Address
      </label>
      <div
        className="sw-FormControlTitle_Info"
        tabIndex="-1"
      >
        <span
          className="sw-FormControlTitle_Tooltip"
        >
          Address where to send reserved tokens.
        </span>
      </div>
    </div>
    <input
      className="sw-TextField"
      disabled={undefined}
      id={undefined}
      name={undefined}
      onBlur={undefined}
      onChange={[Function]}
      onFocus={undefined}
      onKeyPress={undefined}
      onPaste={undefined}
      placeholder="Enter here"
      style={undefined}
      type="text"
      value=""
    />
    
  </div>
  <div
    className="sw-RadioInputField sw-BorderedBlock_Row1Column2"
  >
    <div
      className="sw-FormControlTitle"
    >
      <label
        className="sw-FormControlTitle_Label"
      >
        Dimension
      </label>
      <div
        className="sw-FormControlTitle_Info"
        tabIndex="-1"
      >
        <span
          className="sw-FormControlTitle_Tooltip"
        >
          Fixed amount or % of crowdsaled tokens. Will be deposited to the account after finalization of the crowdsale.
        </span>
      </div>
    </div>
    <div
      className="sw-RadioInputField_ButtonsContainer"
    >
      <label
        className="sw-RadioInputField_Label"
      >
        <input
          checked={true}
          className="sw-RadioInputField_Input"
          id="tokens"
          onChange={[Function]}
          type="radio"
          value="tokens"
        />
        <span
          className="sw-RadioInputField_Button"
        >
          Tokens
        </span>
      </label>
      <label
        className="sw-RadioInputField_Label"
      >
        <input
          checked={false}
          className="sw-RadioInputField_Input"
          id="percentage"
          onChange={[Function]}
          type="radio"
          value="percentage"
        />
        <span
          className="sw-RadioInputField_Button"
        >
          Percentage
        </span>
      </label>
    </div>
  </div>
  <div
    className="sw-NumericInput sw-BorderedBlock_Row1Column3"
  >
    <div
      className="sw-FormControlTitle"
    >
      <label
        className="sw-FormControlTitle_Label"
      >
        Value
      </label>
      <div
        className="sw-FormControlTitle_Info"
        tabIndex="-1"
      >
        <span
          className="sw-FormControlTitle_Tooltip"
        >
          Value in tokens. Don't forget to click + button for each reserved token.
        </span>
      </div>
    </div>
    <div
      className="sw-NumericInput_InputAndButtonContainer"
    >
      <input
        className="sw-TextField"
        disabled={undefined}
        id={undefined}
        name={undefined}
        onBlur={undefined}
        onChange={[Function]}
        onFocus={undefined}
        onKeyPress={[Function]}
        onPaste={[Function]}
        placeholder="Enter here"
        style={undefined}
        type="number"
        value=""
      />
      <div
        className="sw-NumericInput_ButtonPlus"
        onClick={[Function]}
      />
    </div>
    
  </div>
  <div
    className="sw-ReservedTokensTable sw-BorderedBlock_Row2Column1"
  >
    <div
      className="sw-ReservedTokensTable_Inner"
    >
      <div
        className="sw-ReservedTokensTable_Row"
      >
        <div
          className="sw-ReservedTokensTable_Column sw-ReservedTokensTable_Column-address"
        >
          0x90f8bf6a479f320ead074411a4b0e7944ea8c9c1
        </div>
        <div
          className="sw-ReservedTokensTable_Column sw-ReservedTokensTable_Column-dimension sw-ReservedTokensTable_Column-tokens"
        />
        <div
          className="sw-ReservedTokensTable_Column sw-ReservedTokensTable_Column-value"
        />
        <div
          className="sw-ReservedTokensTable_Delete"
          onClick={[Function]}
        />
      </div>
      <div
        className="sw-ReservedTokensTable_Row"
      >
        <div
          className="sw-ReservedTokensTable_Column sw-ReservedTokensTable_Column-address"
        >
          0x90f8bf6a479f320ead074411a4b0e7944ea8c9c1
        </div>
        <div
          className="sw-ReservedTokensTable_Column sw-ReservedTokensTable_Column-dimension sw-ReservedTokensTable_Column-percentage"
        />
        <div
          className="sw-ReservedTokensTable_Column sw-ReservedTokensTable_Column-value"
        />
        <div
          className="sw-ReservedTokensTable_Delete"
          onClick={[Function]}
        />
      </div>
      <div
        className="sw-ReservedTokensTable_Row"
      >
        <div
          className="sw-ReservedTokensTable_Column sw-ReservedTokensTable_Column-address"
        >
          0xffcf8fdee72ac11b5c542428b35eef5769c409f0
        </div>
        <div
          className="sw-ReservedTokensTable_Column sw-ReservedTokensTable_Column-dimension sw-ReservedTokensTable_Column-percentage"
        />
        <div
          className="sw-ReservedTokensTable_Column sw-ReservedTokensTable_Column-value"
        />
        <div
          className="sw-ReservedTokensTable_Delete"
          onClick={[Function]}
        />
      </div>
      <div
        className="sw-ReservedTokensTable_Row"
      >
        <div
          className="sw-ReservedTokensTable_Column sw-ReservedTokensTable_Column-address"
        >
          0x22d491bde2303f2f43325b2108d26f1eaba1e32b
        </div>
        <div
          className="sw-ReservedTokensTable_Column sw-ReservedTokensTable_Column-dimension sw-ReservedTokensTable_Column-tokens"
        />
        <div
          className="sw-ReservedTokensTable_Column sw-ReservedTokensTable_Column-value"
        />
        <div
          className="sw-ReservedTokensTable_Delete"
          onClick={[Function]}
        />
      </div>
    </div>
  </div>
  <div
    className="sw-ReservedTokensListControls sw-BorderedBlock_Row3Column1"
  >
    <div
      className="sw-ReservedTokensListControls_Button sw-ReservedTokensListControls_Button-clearall"
      onClick={undefined}
    >
      Clear All
    </div>
    <span>
      Dropzone
    </span>
  </div>
</div>
`;

exports[`tokens 1`] = `
<div
  className="sw-BorderedBlock sw-BorderedBlock-3Rows3Columns"
>
  <div
    className="sw-InputField sw-BorderedBlock_Row1Column1"
  >
    <div
      className="sw-FormControlTitle"
    >
      <label
        className="sw-FormControlTitle_Label"
      >
        Address
      </label>
      <div
        className="sw-FormControlTitle_Info"
        tabIndex="-1"
      >
        <span
          className="sw-FormControlTitle_Tooltip"
        >
          Address where to send reserved tokens.
        </span>
      </div>
    </div>
    <input
      className="sw-TextField"
      disabled={undefined}
      id={undefined}
      name={undefined}
      onBlur={undefined}
      onChange={[Function]}
      onFocus={undefined}
      onKeyPress={undefined}
      onPaste={undefined}
      placeholder="Enter here"
      style={undefined}
      type="text"
      value=""
    />
    
  </div>
  <div
    className="sw-RadioInputField sw-BorderedBlock_Row1Column2"
  >
    <div
      className="sw-FormControlTitle"
    >
      <label
        className="sw-FormControlTitle_Label"
      >
        Dimension
      </label>
      <div
        className="sw-FormControlTitle_Info"
        tabIndex="-1"
      >
        <span
          className="sw-FormControlTitle_Tooltip"
        >
          Fixed amount or % of crowdsaled tokens. Will be deposited to the account after finalization of the crowdsale.
        </span>
      </div>
    </div>
    <div
      className="sw-RadioInputField_ButtonsContainer"
    >
      <label
        className="sw-RadioInputField_Label"
      >
        <input
          checked={true}
          className="sw-RadioInputField_Input"
          id="tokens"
          onChange={[Function]}
          type="radio"
          value="tokens"
        />
        <span
          className="sw-RadioInputField_Button"
        >
          Tokens
        </span>
      </label>
      <label
        className="sw-RadioInputField_Label"
      >
        <input
          checked={false}
          className="sw-RadioInputField_Input"
          id="percentage"
          onChange={[Function]}
          type="radio"
          value="percentage"
        />
        <span
          className="sw-RadioInputField_Button"
        >
          Percentage
        </span>
      </label>
    </div>
  </div>
  <div
    className="sw-NumericInput sw-BorderedBlock_Row1Column3"
  >
    <div
      className="sw-FormControlTitle"
    >
      <label
        className="sw-FormControlTitle_Label"
      >
        Value
      </label>
      <div
        className="sw-FormControlTitle_Info"
        tabIndex="-1"
      >
        <span
          className="sw-FormControlTitle_Tooltip"
        >
          Value in tokens. Don't forget to click + button for each reserved token.
        </span>
      </div>
    </div>
    <div
      className="sw-NumericInput_InputAndButtonContainer"
    >
      <input
        className="sw-TextField"
        disabled={undefined}
        id={undefined}
        name={undefined}
        onBlur={undefined}
        onChange={[Function]}
        onFocus={undefined}
        onKeyPress={[Function]}
        onPaste={[Function]}
        placeholder="Enter here"
        style={undefined}
        type="number"
        value=""
      />
      <div
        className="sw-NumericInput_ButtonPlus"
        onClick={[Function]}
      />
    </div>
    
  </div>
  <div
    className="sw-ReservedTokensTable sw-BorderedBlock_Row2Column1"
  >
    <div
      className="sw-ReservedTokensTable_Inner"
    >
      <div
        className="sw-ReservedTokensTable_Row"
      >
        <div
          className="sw-ReservedTokensTable_Column sw-ReservedTokensTable_Column-address"
        >
          0x90f8bf6a479f320ead074411a4b0e7944ea8c9c1
        </div>
        <div
          className="sw-ReservedTokensTable_Column sw-ReservedTokensTable_Column-dimension sw-ReservedTokensTable_Column-tokens"
        />
        <div
          className="sw-ReservedTokensTable_Column sw-ReservedTokensTable_Column-value"
        />
        <div
          className="sw-ReservedTokensTable_Delete"
          onClick={[Function]}
        />
      </div>
      <div
        className="sw-ReservedTokensTable_Row"
      >
        <div
          className="sw-ReservedTokensTable_Column sw-ReservedTokensTable_Column-address"
        >
          0x90f8bf6a479f320ead074411a4b0e7944ea8c9c1
        </div>
        <div
          className="sw-ReservedTokensTable_Column sw-ReservedTokensTable_Column-dimension sw-ReservedTokensTable_Column-percentage"
        />
        <div
          className="sw-ReservedTokensTable_Column sw-ReservedTokensTable_Column-value"
        />
        <div
          className="sw-ReservedTokensTable_Delete"
          onClick={[Function]}
        />
      </div>
      <div
        className="sw-ReservedTokensTable_Row"
      >
        <div
          className="sw-ReservedTokensTable_Column sw-ReservedTokensTable_Column-address"
        >
          0xffcf8fdee72ac11b5c542428b35eef5769c409f0
        </div>
        <div
          className="sw-ReservedTokensTable_Column sw-ReservedTokensTable_Column-dimension sw-ReservedTokensTable_Column-percentage"
        />
        <div
          className="sw-ReservedTokensTable_Column sw-ReservedTokensTable_Column-value"
        />
        <div
          className="sw-ReservedTokensTable_Delete"
          onClick={[Function]}
        />
      </div>
      <div
        className="sw-ReservedTokensTable_Row"
      >
        <div
          className="sw-ReservedTokensTable_Column sw-ReservedTokensTable_Column-address"
        >
          0x22d491bde2303f2f43325b2108d26f1eaba1e32b
        </div>
        <div
          className="sw-ReservedTokensTable_Column sw-ReservedTokensTable_Column-dimension sw-ReservedTokensTable_Column-tokens"
        />
        <div
          className="sw-ReservedTokensTable_Column sw-ReservedTokensTable_Column-value"
        />
        <div
          className="sw-ReservedTokensTable_Delete"
          onClick={[Function]}
        />
      </div>
    </div>
  </div>
  <div
    className="sw-ReservedTokensListControls sw-BorderedBlock_Row3Column1"
  >
    <div
      className="sw-ReservedTokensListControls_Button sw-ReservedTokensListControls_Button-clearall"
      onClick={undefined}
    >
      Clear All
    </div>
    <span>
      Dropzone
    </span>
  </div>
</div>
`;
