// Jest Snapshot v1, https://goo.gl/fbAQLP

exports[`StepNavigation should render StepNavigation component 1`] = `
<div
  className="st-StepNavigation"
>
  <a
    className="sw-LogoWhite"
    href="/"
  />
  <div
    className="st-StepNavigation_Container"
  >
    <div
      className="st-StepItem
          "
    >
      <div
        className="st-StepItem_Circle"
      />
      <div
        className="st-StepItem_Line"
      />
      <span
        className="st-StepItem_Text"
      >
        Crowdsale Strategy
      </span>
    </div>
    <div
      className="st-StepItem
          "
    >
      <div
        className="st-StepItem_Circle"
      />
      <div
        className="st-StepItem_Line"
      />
      <span
        className="st-StepItem_Text"
      >
        Token Setup
      </span>
    </div>
    <div
      className="st-StepItem
          "
    >
      <div
        className="st-StepItem_Circle"
      />
      <div
        className="st-StepItem_Line"
      />
      <span
        className="st-StepItem_Text"
      >
        Crowdsale Setup
      </span>
    </div>
    <div
      className="st-StepItem
          "
    >
      <div
        className="st-StepItem_Circle"
      />
      <div
        className="st-StepItem_Line"
      />
      <span
        className="st-StepItem_Text"
      >
        Publish
      </span>
    </div>
    <div
      className="st-StepItem
          "
    >
      <div
        className="st-StepItem_Circle"
      />
      <span
        className="st-StepItem_Text"
      >
        Crowdsale Page
      </span>
    </div>
  </div>
</div>
`;
