// Jest Snapshot v1, https://goo.gl/fbAQLP

exports[`Supply  should render Supply component 1`] = `
<div
  className="sw-InputField2 "
>
  <div
    className="sw-FormControlTitle"
  >
    <label
      className="sw-FormControlTitle_Label"
    >
      Supply
    </label>
    <div
      className="sw-FormControlTitle_Info"
      tabIndex="-1"
    >
      <span
        className="sw-FormControlTitle_Tooltip"
      >
        How many tokens will be sold on this tier. Cap of crowdsale equals to sum of supply of all tiers
      </span>
    </div>
  </div>
  <input
    className="sw-TextField"
    disabled={false}
    id="Supply"
    name="Supply"
    placeholder="Enter here"
    type="text"
    value="1234"
  />
</div>
`;
