// Jest Snapshot v1, https://goo.gl/fbAQLP

exports[`TierBlock  should render TierBlock component 1`] = `
<div>
  <div
    className="steps-content container"
    style={
      Object {
        "marginTop": "40px",
      }
    }
  >
    <div>
      <div
        className="input-block-container"
      >
        <div
          className="sw-InputField "
        >
          <div
            className="sw-FormControlTitle"
          >
            <label
              className="sw-FormControlTitle_Label"
            >
              Crowdsale setup name
            </label>
            <div
              className="sw-FormControlTitle_Info"
              tabIndex="-1"
            >
              <span
                className="sw-FormControlTitle_Tooltip"
              >
                Name of a tier, e.g. PrePreCrowdsale, PreCrowdsale, Crowdsale with bonus A, Crowdsale with bonus B, etc. We simplified that and will increment a number after each tier.
              </span>
            </div>
          </div>
          <input
            className="sw-TextField"
            id="tierblock,0.tier"
            name="tierblock,0.tier"
            onBlur={[Function]}
            onChange={[Function]}
            onFocus={[Function]}
            type="text"
            value=""
          />
        </div>
      </div>
      <div
        className="input-block-container"
      >
        <div
          className="left"
        >
          <label
            className="label"
          >
            Allow modifying
          </label>
          <div
            className="radios-inline"
          >
            <label
              className="radio-inline"
            >
              <input
                checked={false}
                id="tierblock,0.allow_modifying_on"
                onChange={[Function]}
                type="radio"
                value="on"
              />
              <span
                className="title"
              >
                on
              </span>
            </label>
            <label
              className="radio-inline"
            >
              <input
                checked={false}
                id="tierblock,0.allow_modifying_off"
                onChange={[Function]}
                type="radio"
                value="off"
              />
              <span
                className="title"
              >
                off
              </span>
            </label>
          </div>
          <p
            className="description"
          >
            If it's enabled, a creator of the crowdsale can modify crowdsale duration after publishing.
          </p>
        </div>
        <div
          className="right"
        >
          <label
            className="label"
          >
            Enable whitelisting
          </label>
          <div
            className="radios-inline"
          >
            <label
              className="radio-inline"
            >
              <input
                checked={false}
                id="tierblock,0.enable_whitelisting_yes"
                onChange={[Function]}
                type="radio"
                value="yes"
              />
              <span
                className="title"
              >
                yes
              </span>
            </label>
            <label
              className="radio-inline"
            >
              <input
                checked={false}
                id="tierblock,0.enable_whitelisting_no"
                onChange={[Function]}
                type="radio"
                value="no"
              />
              <span
                className="title"
              >
                no
              </span>
            </label>
          </div>
          <p
            className="description"
          >
            Enables whitelisting. If disabled, anyone can participate in the crowdsale.
          </p>
        </div>
      </div>
      <div
        className="input-block-container"
      >
        <div
          className="sw-InputField "
        >
          <div
            className="sw-FormControlTitle"
          >
            <label
              className="sw-FormControlTitle_Label"
            >
              Start Time
            </label>
            <div
              className="sw-FormControlTitle_Info"
              tabIndex="-1"
            >
              <span
                className="sw-FormControlTitle_Tooltip"
              >
                Date and time when the tier starts. Can't be in the past from the current moment.
              </span>
            </div>
          </div>
          <input
            className="sw-TextField"
            disabled={false}
            id="tierblock,0.startTime"
            name="tierblock,0.startTime"
            onBlur={[Function]}
            onChange={[Function]}
            onFocus={[Function]}
            type="datetime-local"
            value=""
          />
        </div>
        <div
          className="sw-InputField "
        >
          <div
            className="sw-FormControlTitle"
          >
            <label
              className="sw-FormControlTitle_Label"
            >
              End Time
            </label>
            <div
              className="sw-FormControlTitle_Info"
              tabIndex="-1"
            >
              <span
                className="sw-FormControlTitle_Tooltip"
              >
                Date and time when the tier ends. Can be only in the future.
              </span>
            </div>
          </div>
          <input
            className="sw-TextField"
            id="tierblock,0.endTime"
            name="tierblock,0.endTime"
            onBlur={[Function]}
            onChange={[Function]}
            onFocus={[Function]}
            type="datetime-local"
            value=""
          />
        </div>
      </div>
      <div
        className="input-block-container"
      >
        <div
          className="sw-InputField "
        >
          <div
            className="sw-FormControlTitle"
          >
            <label
              className="sw-FormControlTitle_Label"
            >
              Rate
            </label>
            <div
              className="sw-FormControlTitle_Info"
              tabIndex="-1"
            >
              <span
                className="sw-FormControlTitle_Tooltip"
              >
                Exchange rate Ethereum to Tokens. If it's 100, then for 1 Ether you can buy 100 tokens
              </span>
            </div>
          </div>
          <input
            className="sw-TextField"
            id="tierblock,0.rate"
            name="tierblock,0.rate"
            onBlur={[Function]}
            onChange={[Function]}
            onFocus={[Function]}
            type="text"
            value=""
          />
        </div>
        <div
          className="sw-InputField "
        >
          <div
            className="sw-FormControlTitle"
          >
            <label
              className="sw-FormControlTitle_Label"
            >
              Supply
            </label>
            <div
              className="sw-FormControlTitle_Info"
              tabIndex="-1"
            >
              <span
                className="sw-FormControlTitle_Tooltip"
              >
                How many tokens will be sold on this tier. Cap of crowdsale equals to sum of supply of all tiers
              </span>
            </div>
          </div>
          <input
            className="sw-TextField"
            disabled={false}
            id="tierblock,0.supply"
            name="tierblock,0.supply"
            onBlur={[Function]}
            onChange={[Function]}
            onFocus={[Function]}
            type="text"
            value=""
          />
        </div>
      </div>
      <div
        className="input-block-container"
      >
        <div
          className="sw-InputField "
        >
          <div
            className="sw-FormControlTitle"
          >
            <label
              className="sw-FormControlTitle_Label"
            >
              Contributor min cap
            </label>
            <div
              className="sw-FormControlTitle_Info"
              tabIndex="-1"
            >
              <span
                className="sw-FormControlTitle_Tooltip"
              >
                Minimum amount of tokens to buy. Not the minimal amount for every transaction: if minCap is 1
               and a user already has 1 token from a previous transaction, they can buy any amount they want.
              </span>
            </div>
          </div>
          <input
            className="sw-TextField"
            disabled={false}
            id="tierblock,0.minCap"
            name="tierblock,0.minCap"
            onBlur={[Function]}
            onChange={[Function]}
            onFocus={[Function]}
            type="text"
            value=""
          />
        </div>
      </div>
    </div>
  </div>
</div>
`;
