// Jest Snapshot v1, https://goo.gl/fbAQLP

exports[`TokenTicker should render TokenTicker component 1`] = `
<div
  className="sw-InputField2 "
>
  <div
    className="sw-FormControlTitle"
  >
    <label
      className="sw-FormControlTitle_Label"
    >
      Ticker
    </label>
    <div
      className="sw-FormControlTitle_Info"
      tabIndex="-1"
    >
      <span
        className="sw-FormControlTitle_Tooltip"
      >
        The five letter ticker for your token. There are 11,881,376 combinations for 26 english letters. Be hurry.
      </span>
    </div>
  </div>
  <input
    className="sw-TextField"
    id="ticker"
    name="ticker"
    onBlur={[Function]}
    onChange={[Function]}
    onFocus={[Function]}
    placeholder="Enter here"
    type="text"
    value=""
  />
</div>
`;

exports[`TokenTicker should render TokenTicker component and its children 1`] = `
<div
  className="sw-InputField2 "
>
  <div
    className="sw-FormControlTitle"
  >
    <label
      className="sw-FormControlTitle_Label"
    >
      Ticker
    </label>
    <div
      className="sw-FormControlTitle_Info"
      tabIndex="-1"
    >
      <span
        className="sw-FormControlTitle_Tooltip"
      >
        The five letter ticker for your token. There are 11,881,376 combinations for 26 english letters. Be hurry.
      </span>
    </div>
  </div>
  <input
    className="sw-TextField"
    id="ticker"
    name="ticker"
    onBlur={[Function]}
    onChange={[Function]}
    onFocus={[Function]}
    placeholder="Enter here"
    type="text"
    value=""
  />
</div>
`;
