// Jest Snapshot v1, https://goo.gl/fbAQLP

exports[`TokenSupply should render TokenDecimals component 1`] = `
<div
  className="right"
>
  <label
    className="label"
    htmlFor="supply"
  >
    Supply
  </label>
  <input
    autoComplete="off"
    className="input"
    id="supply"
    name="supply"
    onBlur={[Function]}
    onChange={[Function]}
    onFocus={[Function]}
    type="text"
    value=""
  />
  <p
    className="description"
  >
    The total supply of the token
  </p>
  <span>
    <p
      className="error"
      style={
        Object {
          "color": "red",
          "fontWeight": "bold",
        }
      }
    />
  </span>
</div>
`;

exports[`TokenSupply should render TokenSupply component and its children 1`] = `
<div
  className="right"
>
  <label
    className="label"
    htmlFor="supply"
  >
    Supply
  </label>
  <input
    autoComplete="off"
    className="input"
    id="supply"
    name="supply"
    onBlur={[Function]}
    onChange={[Function]}
    onFocus={[Function]}
    type="text"
    value=""
  />
  <p
    className="description"
  >
    The total supply of the token
  </p>
  <span>
    <p
      className="error"
      style={
        Object {
          "color": "red",
          "fontWeight": "bold",
        }
      }
    />
  </span>
</div>
`;

exports[`TokenSupply should render TokenSupply component and its children, with input field disabled 1`] = `
<ReactFinalForm
  component={[Function]}
  disabled={true}
  errorStyle={
    Object {
      "color": "red",
      "fontWeight": "bold",
    }
  }
  onSubmit={[MockFunction]}
>
  <TokenSupply
    __versions={
      Object {
        "final-form": "4.6.1",
        "react-final-form": "3.4.0",
      }
    }
    batch={[Function]}
    blur={[Function]}
    change={[Function]}
    dirty={false}
    dirtySinceLastSubmit={false}
    disabled={true}
    errorStyle={
      Object {
        "color": "red",
        "fontWeight": "bold",
      }
    }
    errors={
      Object {
        "supply": "Please enter a valid number greater than 0",
      }
    }
    focus={[Function]}
    form={
      Object {
        "batch": [Function],
        "blur": [Function],
        "change": [Function],
        "focus": [Function],
        "getFieldState": [Function],
        "getRegisteredFields": [Function],
        "getState": [Function],
        "initialize": [Function],
        "isValidationPaused": [Function],
        "mutators": Object {},
        "pauseValidation": [Function],
        "registerField": [Function],
        "reset": [Function],
        "resumeValidation": [Function],
        "setConfig": [Function],
        "submit": [Function],
        "subscribe": [Function],
      }
    }
    handleSubmit={[Function]}
    hasSubmitErrors={false}
    hasValidationErrors={true}
    initialize={[Function]}
    invalid={true}
    mutators={Object {}}
    pristine={true}
    reset={[Function]}
    submitFailed={false}
    submitSucceeded={false}
    submitting={false}
    touched={
      Object {
        "supply": false,
      }
    }
    valid={false}
    validating={false}
    values={Object {}}
    visited={
      Object {
        "supply": false,
      }
    }
  >
    <Field
      component={[Function]}
      description="The total supply of the token"
      errorStyle={
        Object {
          "color": "red",
          "fontWeight": "bold",
        }
      }
      format={[Function]}
      label="Supply"
      name="supply"
      parse={[Function]}
      side="right"
      type="text"
      validate={[Function]}
    >
      <InputField2
        description="The total supply of the token"
        errorStyle={
          Object {
            "color": "red",
            "fontWeight": "bold",
          }
        }
        input={
          Object {
            "name": "supply",
            "onBlur": [Function],
            "onChange": [Function],
            "onFocus": [Function],
            "value": "",
          }
        }
        label="Supply"
        meta={
          Object {
            "active": false,
            "data": Object {},
            "dirty": false,
            "dirtySinceLastSubmit": false,
            "error": "Please enter a valid number greater than 0",
            "initial": undefined,
            "invalid": true,
            "pristine": true,
            "submitError": undefined,
            "submitFailed": false,
            "submitSucceeded": false,
            "touched": false,
            "valid": false,
            "visited": false,
          }
        }
        side="right"
        type="text"
      >
        <div
          className="right"
        >
          <label
            className="label"
            htmlFor="supply"
          >
            Supply
          </label>
          <input
            autoComplete="off"
            className="input"
            id="supply"
            name="supply"
            onBlur={[Function]}
            onChange={[Function]}
            onFocus={[Function]}
            type="text"
            value=""
          />
          <p
            className="description"
          >
            The total supply of the token
          </p>
          <Error
            errorStyle={
              Object {
                "color": "red",
                "fontWeight": "bold",
              }
            }
            name="supply"
          >
            <Field
              format={[Function]}
              name="supply"
              parse={[Function]}
              render={[Function]}
              subscription={
                Object {
                  "error": true,
                  "pristine": true,
                  "touched": true,
                }
              }
            >
              <span>
                <p
                  className="error"
                  key="0"
                  style={
                    Object {
                      "color": "red",
                      "fontWeight": "bold",
                    }
                  }
                />
              </span>
            </Field>
          </Error>
        </div>
      </InputField2>
    </Field>
  </TokenSupply>
</ReactFinalForm>
`;
