// Jest Snapshot v1, https://goo.gl/fbAQLP

exports[`ButtonCancelCrowdsale should render screen with render without throwing an error 1`] = `"Cancel crowdsale"`;

exports[`ButtonCancelCrowdsale should render screen with shallow without throwing an error 1`] = `
<button
  className="hm-ButtonCancelCrowdsale"
  onClick={[Function]}
>
  Cancel crowdsale
</button>
`;
