// Jest Snapshot v1, https://goo.gl/fbAQLP

exports[`ButtonResumeCrowdsale should render screen with render without throwing an error 1`] = `"Resume crowdsale"`;

exports[`ButtonResumeCrowdsale should render screen with shallow without throwing an error 1`] = `
<button
  className="hm-ButtonResumeCrowdsale"
  onClick={[Function]}
>
  Resume crowdsale
</button>
`;
