// Jest Snapshot v1, https://goo.gl/fbAQLP

exports[`Home should render Home screen 1`] = `
<div>
  <section
    className="hm-Home "
  >
    <div
      className="hm-Home_Scroll"
    >
      <div
        className="hm-Home_Top"
      >
        <a
          className="sw-LogoPrimary"
          href="/"
          onClick={[Function]}
        />
      </div>
      <div
        className="hm-Home_MainInfoContainer"
      >
        <div
          className="hm-Home_MainInfo"
        >
          <div
            className="hm-Home_MainInfoTextContainer"
          >
            <h1
              className="hm-Home_MainInfoTitle"
            >
              Welcome to Token Wizard
            </h1>
            <p
              className="hm-Home_MainInfoDescription"
            >
              Token Wizard is a client side tool to create ERC20 token and crowdsale in five steps. It helps you to publish contracts on the Ethereum network, create a crowdsale page with stats. For participants, the wizard creates a page to contribute into the campaign.
            </p>
            <p
              className="hm-Home_MainInfoPoweredBy"
            >
              Token Wizard is powered by 
              <a
                href="https://github.com/auth-os/beta"
              >
                Auth-os
              </a>
              .
            </p>
          </div>
          <div
            className="hm-Home_MainInfoButtonContainer"
          >
            <button
              className="hm-Home_BtnNew"
              onClick={[Function]}
            >
              New crowdsale
            </button>
            <div
              className="hm-Home_BtnChoose"
              onClick={[Function]}
            >
              Choose Crowdsale
            </div>
          </div>
        </div>
      </div>
    </div>
  </section>
</div>
`;
