// Jest Snapshot v1, https://goo.gl/fbAQLP

exports[`NumericInput Should render the component 1`] = `
<div
  className="left"
>
  <label
    className="label"
  >
    Decimals
  </label>
  <input
    className="input"
    disabled={undefined}
    onBlur={undefined}
    onChange={[Function]}
    onKeyPress={[Function]}
    onPaste={[Function]}
    type="number"
    value=""
  />
  <p
    className="description"
  >
    Refers to how divisible a token can be, from 0 (not at all divisible) to 18 (pretty much continuous).
  </p>
</div>
`;
