// Jest Snapshot v1, https://goo.gl/fbAQLP

exports[`CrowdsalSetupBlockDutchAuction should render the component  1`] = `
<div
  className="cs-CrowdsaleSetupBlockDutchAuction"
>
  <DisplayField
    description="Where the money goes after contributors' transactions."
    extraClassName="pb-DisplayField-WalletAddress"
    title="Wallet Address"
    value="0x90F8bf6A479f320ead074411a4B0e7944Ea8c9C1"
  />
  <DisplayField
    description="Whether the unsold tokens will be burnt on finalization, or be sent to the team wallet"
    extraClassName="pb-DisplayField-BurnExcess"
    title="Burn Excess"
    value="No"
  />
  <DisplayField
    description="Date and time when the crowdsale starts."
    extraClassName="pb-DisplayField-CrowdsaleStartTime"
    mobileTextSize="small"
    title="Crowdsale Start time"
    value="Invalid date"
  />
  <DisplayField
    description="Date and time when the crowdsale ends."
    extraClassName="pb-DisplayField-CrowdsaleEndTime"
    mobileTextSize="small"
    title="Crowdsale End time"
    value="1970-01-01 00:00 (UTC +0000)"
  />
</div>
`;
