// Jest Snapshot v1, https://goo.gl/fbAQLP

exports[`StepOne should render StepOne screen 1`] = `
<div>
  <section
    className="lo-MenuBarAndContent"
  >
    <div
      className="st-StepNavigation"
    >
      <a
        className="sw-LogoWhite"
        href="/"
        onClick={[Function]}
      />
      <div
        className="st-StepNavigation_Container"
      >
        <div
          className="st-StepNavigation_StepContainer
        active"
        >
          <div
            className="st-StepNavigation_StepCircle"
          />
          <div
            className="st-StepNavigation_StepLine"
          />
          <span
            className="st-StepNavigation_StepText"
          >
            Crowdsale Strategy
          </span>
        </div>
        <div
          className="st-StepNavigation_StepContainer
        "
        >
          <div
            className="st-StepNavigation_StepCircle"
          />
          <div
            className="st-StepNavigation_StepLine"
          />
          <span
            className="st-StepNavigation_StepText"
          >
            Token Setup
          </span>
        </div>
        <div
          className="st-StepNavigation_StepContainer
        "
        >
          <div
            className="st-StepNavigation_StepCircle"
          />
          <div
            className="st-StepNavigation_StepLine"
          />
          <span
            className="st-StepNavigation_StepText"
          >
            Crowdsale Setup
          </span>
        </div>
        <div
          className="st-StepNavigation_StepContainer
        "
        >
          <div
            className="st-StepNavigation_StepCircle"
          />
          <div
            className="st-StepNavigation_StepLine"
          />
          <span
            className="st-StepNavigation_StepText"
          >
            Publish
          </span>
        </div>
        <div
          className="st-StepNavigation_StepContainer
        "
        >
          <div
            className="st-StepNavigation_StepCircle"
          />
          <span
            className="st-StepNavigation_StepText"
          >
            Crowdsale Page
          </span>
        </div>
      </div>
    </div>
    <div
      className="st-StepContent"
    >
      <div
        className="st-StepContent_Info"
      >
        <div
          className="st-StepContent_InfoIcon st-StepContent_InfoIcon-step1"
        />
        <div
          className="st-StepContentInfo_InfoText"
        >
          <h1
            className="st-StepContent_InfoTitle"
          >
            Crowdsale Strategy
          </h1>
          <p
            className="st-StepContent_InfoDescription"
          >
            Select a strategy for your crowdsale contract.
          </p>
        </div>
      </div>
      <div
        className="sw-RadioItems"
      >
        <label
          className="sw-RadioItems_Item"
        >
          <input
            checked={false}
            className="sw-RadioItems_InputRadio"
            id="white-list-with-cap"
            name="contract-type"
            onChange={[Function]}
            type="radio"
            value="white-list-with-cap"
          />
          <span
            className="sw-RadioItems_ItemContent"
          >
            <span
              className="sw-RadioItems_ItemContentText"
            >
              <span
                className="sw-RadioItems_ItemTitle"
              >
                Whitelist with Cap
              </span>
              <span
                className="sw-RadioItems_ItemDescription"
              >
                Modern crowdsale strategy with multiple tiers, whitelists, and limits. Recommended for every crowdsale.
              </span>
            </span>
            <span
              className="sw-RadioItems_Radio"
            />
          </span>
        </label>
        <label
          className="sw-RadioItems_Item"
        >
          <input
            checked={false}
            className="sw-RadioItems_InputRadio"
            id="dutch-auction"
            name="contract-type"
            onChange={[Function]}
            type="radio"
            value="dutch-auction"
          />
          <span
            className="sw-RadioItems_ItemContent"
          >
            <span
              className="sw-RadioItems_ItemContentText"
            >
              <span
                className="sw-RadioItems_ItemTitle"
              >
                Dutch Auction
              </span>
              <span
                className="sw-RadioItems_ItemDescription"
              >
                An auction with descending price.
              </span>
            </span>
            <span
              className="sw-RadioItems_Radio"
            />
          </span>
        </label>
      </div>
      <div
        className="st-StepContent_Buttons"
      >
        <button
          className="sw-ButtonContinue"
          disabled={false}
          onClick={[Function]}
        >
          <span
            className="sw-ButtonContinue_Text"
          >
            Continue
          </span>
        </button>
      </div>
    </div>
  </section>
  <div
    className="sw-FullscreenBackdrop"
  >
    <div
      className="sw-Loader"
    >
      <div
        className="sw-Loader_AnimatedItem"
      />
      <div
        className="sw-Loader_AnimatedItem"
      />
      <div
        className="sw-Loader_AnimatedItem"
      />
      <div
        className="sw-Loader_AnimatedItem"
      />
      <div
        className="sw-Loader_AnimatedItem"
      />
      <div
        className="sw-Loader_AnimatedItem"
      />
    </div>
  </div>
</div>
`;
